PORT     STATE SERVICE
4343/tcp open  unicall
| ssl-enum-ciphers: 
|   TLSv1.0: 
|     ciphers: 
|       TLS_ECDHE_RSA_WITH_AES_128_CBC_SHA (secp256r1) - A
|       TLS_ECDHE_RSA_WITH_AES_256_CBC_SHA (secp256r1) - A
|       TLS_RSA_WITH_AES_128_CBC_SHA (rsa 2048) - A
|       TLS_RSA_WITH_AES_256_CBC_SHA (rsa 2048) - A
|       TLS_RSA_WITH_3DES_EDE_CBC_SHA (rsa 2048) - C
|     compressors: 
|       NULL
|     cipher preference: server
|     warnings: 
|       64-bit block cipher 3DES vulnerable to SWEET32 attack
|   TLSv1.1: 
|     ciphers: 
|       TLS_ECDHE_RSA_WITH_AES_128_CBC_SHA (secp256r1) - A
|       TLS_ECDHE_RSA_WITH_AES_256_CBC_SHA (secp256r1) - A
|       TLS_RSA_WITH_AES_128_CBC_SHA (rsa 2048) - A
|       TLS_RSA_WITH_AES_256_CBC_SHA (rsa 2048) - A
|       TLS_RSA_WITH_3DES_EDE_CBC_SHA (rsa 2048) - C
|     compressors: 
|       NULL
|     cipher preference: server
|     warnings: 
|       64-bit block cipher 3DES vulnerable to SWEET32 attack
|   TLSv1.2: 
|     ciphers: 
|       TLS_ECDHE_RSA_WITH_AES_128_GCM_SHA256 (secp256r1) - A
|       TLS_ECDHE_RSA_WITH_CHACHA20_POLY1305_SHA256 (secp256r1) - A
|       TLS_ECDHE_RSA_WITH_AES_256_GCM_SHA384 (secp256r1) - A
|       TLS_ECDHE_RSA_WITH_AES_128_CBC_SHA (secp256r1) - A
|       TLS_ECDHE_RSA_WITH_AES_256_CBC_SHA (secp256r1) - A
|       TLS_RSA_WITH_AES_128_GCM_SHA256 (rsa 2048) - A
|       TLS_RSA_WITH_AES_256_GCM_SHA384 (rsa 2048) - A
|       TLS_RSA_WITH_AES_128_CBC_SHA (rsa 2048) - A
|       TLS_RSA_WITH_AES_256_CBC_SHA (rsa 2048) - A
|       TLS_RSA_WITH_3DES_EDE_CBC_SHA (rsa 2048) - C
|       TLS_ECDHE_RSA_WITH_AES_128_CBC_SHA256 (secp256r1) - A
|       TLS_RSA_WITH_AES_128_CBC_SHA256 (rsa 2048) - A
|     compressors: 
|       NULL
|     cipher preference: server
|     warnings: 
|       64-bit block cipher 3DES vulnerable to SWEET32 attack
|   TLSv1.3: 
|     ciphers: 
|       TLS_AKE_WITH_AES_128_GCM_SHA256 (ecdh_x25519) - A
|       TLS_AKE_WITH_AES_256_GCM_SHA384 (ecdh_x25519) - A
|       TLS_AKE_WITH_CHACHA20_POLY1305_SHA256 (ecdh_x25519) - A
|     cipher preference: server
|_  least strength: C
